[epiruswallet.com/index.html]
[backblue.gif]
[fade.gif]
[index.html]
[epiruswallet.com/epirus/wp-content/cache/min/5/b88a4171e088a42594b6930e2be1d8ea.css]
[epiruswallet.com/epirus/wp-includes/js/jquery/jquery4a5f4a5f.js]
[epiruswallet.com/epirus/wp-json/index.html]
[epiruswallet.com/epirus/wp-includes/wlwmanifest.xml]
[epiruswallet.com/epirus/wp-json/oembed/1.0/embedd974d974.json]
[epiruswallet.com/epirus3/images/favicon.png]
[epiruswallet.com/login.html]
[epiruswallet.com/epirus3/images/w_logo.png]
[epiruswallet.com/register.html]
[epiruswallet.com/epirus/wp-content/themes/front/assets/svg/flat-icons/vault.svg]
[epiruswallet.com/epirus/wp-content/themes/front/assets/svg/flat-icons/responsive.svg]
[epiruswallet.com/epirus/wp-content/themes/front/assets/svg/flat-icons/easy-payment.svg]
[epiruswallet.com/images/epirus-card.png]
[epiruswallet.com/epirus2/wp-content/themes/front/assets/svg/illustrations/server-woman.svg]
[epiruswallet.com/epirus2/wp-content/themes/front/assets/svg/illustrations/app-user.svg]
[epiruswallet.com/epirus2/wp-content/themes/front/assets/svg/illustrations/communicating-men.svg]
[epiruswallet.com/epirus/wp-content/themes/front/assets/svg/components/circles.11.delayed]
[epiruswallet.com/epirus/wp-content/themes/front/assets/svg/illustrations/support-man.svg]
[epiruswallet.com/epirus/wp-content/themes/front/assets/svg/illustrations/list-app.svg]
[epiruswallet.com/epirus2/wp-content/themes/front/assets/svg/clients-logo/newsz.svg]
[epiruswallet.com/wp-content/themes/front/assets/svg/clients-logo/slack.15.delayed]
[epiruswallet.com/epirus2/wp-content/themes/front/assets/svg/clients-logo/shopif.svg]
[epiruswallet.com/wp-content/themes/front/assets/svg/clients-logo/google.17.delayed]
[epiruswallet.com/epirus2/wp-content/themes/front/assets/svg/clients-logo/bitcoin.png]
[epiruswallet.com/wp-content/themes/front/assets/svg/clients-logo/shopify.19.delayed]
[epiruswallet.com/epirus2/wp-content/themes/front/assets/svg/clients-logo/air.svg]
[epiruswallet.com/wp-content/themes/front/assets/svg/clients-logo/spotify.1b.delayed]
[epiruswallet.com/epirus2/wp-content/themes/front/assets/svg/clients-logo/coindesk.svg]
[epiruswallet.com/wp-content/themes/front/assets/svg/clients-logo/netflix.1d.delayed]
[epiruswallet.com/epirus2/wp-content/themes/front/assets/svg/clients-logo/net.svg]
[epiruswallet.com/wp-content/themes/front/assets/svg/clients-logo/airbnb.1f.delayed]
[epiruswallet.com/images/epirus.png]
[epiruswallet.com/faq.html]
[epiruswallet.com/about.html]
[epiruswallet.com/services.html]
[epiruswallet.com/careers.html]
[epiruswallet.com/contact.html]
[epiruswallet.com/terms.html]
[epiruswallet.com/privacy.html]
[translate.google.com/translate_a/element.28a0d8.delayed]
[epiruswallet.com/earn.html]
[epiruswallet.com/index.html]
[epiruswallet.com/epirus/wp-content/cache/min/5/0f37818ff121561e32a0ca7255f5952d.js]
[epiruswallet.com/epirus/wp-content/themes/front/assets/vendor/font-awesome/webfonts/fa-brands-400.eot]
[epiruswallet.com/epirus/wp-content/themes/front/assets/vendor/font-awesome/webfonts/fa-brands-400d41dd41d.eot]
[epiruswallet.com/epirus/wp-content/themes/front/assets/vendor/font-awesome/webfonts/fa-brands-400.html]
[epiruswallet.com/epirus/wp-content/themes/front/assets/vendor/font-awesome/webfonts/fa-brands-400.woff]
[epiruswallet.com/epirus/wp-content/themes/front/assets/vendor/font-awesome/webfonts/fa-brands-400.ttf]
[epiruswallet.com/epirus/wp-content/themes/front/assets/vendor/font-awesome/webfonts/fa-regular-400.eot]
[epiruswallet.com/epirus/wp-content/themes/front/assets/vendor/font-awesome/webfonts/fa-brands-400.svg]
[epiruswallet.com/epirus/wp-content/themes/front/assets/vendor/font-awesome/webfonts/fa-regular-400d41dd41d.eot]
[epiruswallet.com/epirus/wp-content/themes/front/assets/vendor/font-awesome/webfonts/fa-regular-400.html]
[epiruswallet.com/epirus/wp-content/themes/front/assets/vendor/font-awesome/webfonts/fa-regular-400.woff]
[epiruswallet.com/epirus/wp-content/themes/front/assets/vendor/font-awesome/webfonts/fa-regular-400.ttf]
[epiruswallet.com/epirus/wp-content/themes/front/assets/vendor/font-awesome/webfonts/fa-regular-400.svg]
[epiruswallet.com/epirus/wp-content/themes/front/assets/vendor/font-awesome/webfonts/fa-solid-900.eot]
[epiruswallet.com/epirus/wp-content/themes/front/assets/vendor/font-awesome/webfonts/fa-solid-900d41dd41d.eot]
[epiruswallet.com/epirus/wp-content/themes/front/assets/vendor/font-awesome/webfonts/fa-solid-900.html]
[epiruswallet.com/epirus/wp-content/themes/front/assets/vendor/font-awesome/webfonts/fa-solid-900.woff]
[epiruswallet.com/epirus/wp-content/themes/front/assets/vendor/font-awesome/webfonts/fa-solid-900.ttf]
[epiruswallet.com/epirus/wp-content/themes/front/assets/vendor/malihu-custom-scrollbar-plugin/mCSB_buttons.png]
[epiruswallet.com/epirus/wp-content/themes/front/assets/vendor/cubeportfolio/img/cbp-sprite.png]
[epiruswallet.com/epirus/wp-content/themes/front/assets/vendor/font-awesome/webfonts/fa-solid-900.svg]
[epiruswallet.com/epirus/wp-content/themes/front/assets/svg/preloaders/circle-preloader.svg]
[epiruswallet.com/epirus/wp-content/plugins/jetpack/modules/carousel/images/arrows.png]
[epiruswallet.com/epirus/wp-content/plugins/jetpack/modules/carousel/images/arrows-2x.png]
[epiruswallet.com/epirus/wp-content/plugins/jetpack/modules/carousel/images/carousel-spritee4dae4da.png]
[epiruswallet.com/epirus/wp-content/plugins/jetpack/modules/carousel/images/carousel-sprite-2xe4dae4da.png]
[epiruswallet.com/epirus/wp-content/cache/min/5/b88a4171e088a42594b6930e2be1d8ea.css]
[epiruswallet.com/_https_/en.wikipedia.org/wiki/Exchangeable_image_file_format/_.44.delayed]
[epiruswallet.com/epirus/wp-json/index.html]
[epiruswallet.com/epirus/wp-json/oembed/1.0/embed0a1f0a1f.html]
[epiruswallet.com/epirus2/wp-includes/css/dist/block-library/style.min9dff9dff.css]
[epiruswallet.com/epirus2/wp-includes/css/dist/block-library/theme.min9dff9dff.css]
[epiruswallet.com/epirus2/wp-content/plugins/woocommerce/packages/woocommerce-blocks/build/stylee64ee64e.css]
[epiruswallet.com/epirus2/wp-content/plugins/metronet-profile-picture/dist/blocks.style.build5f5a5f5a.css]
[epiruswallet.com/epirus2/wp-content/plugins/front-gutenberg-blocks/dist/frontend_blocksce14ce14.css]
[epiruswallet.com/epirus2/wp-content/plugins/menu-image/includes/css/menu-image76ed76ed.css]
[epiruswallet.com/epirus2/wp-content/plugins/contact-form-7/includes/css/stylesb62db62d.css]
[epiruswallet.com/epirus2/wp-content/plugins/woocommerce/assets/css/select22e462e46.css]
[epiruswallet.com/epirus2/wp-includes/css/dashicons.min9dff9dff.css]
[epiruswallet.com/epirus2/wp-content/plugins/mas-wp-job-manager-company-reviews/assets/css/mas-wp-job-manager-company-reviews9dff9dff.css]
[epiruswallet.com/epirus2/wp-content/plugins/woocommerce-gateway-paypal-express-checkout/assets/css/wc-gateway-ppec-frontend9dff9dff.css]
[epiruswallet.com/epirus2/wp-content/plugins/woocommerce/assets/css/prettyPhoto9dff9dff.css]
[epiruswallet.com/epirus2/wp-content/plugins/yith-woocommerce-wishlist/assets/css/jquery.selectBox73597359.css]
[epiruswallet.com/epirus2/wp-content/plugins/yith-woocommerce-wishlist/assets/css/font-awesome.min18491849.css]
[epiruswallet.com/epirus2/wp-content/plugins/wp-job-manager-applications/assets/css/frontend9dff9dff.css]
[epiruswallet.com/epirus2/wp-content/themes/front/assets/vendor/font-awesome/css/fontawesome-all.mince14ce14.css]
[epiruswallet.com/epirus2/wp-content/themes/front/assets/vendor/animate.css/animate.mince14ce14.css]
[epiruswallet.com/epirus2/wp-content/themes/front/assets/vendor/hs-megamenu/src/hs.megamenuce14ce14.css]
[epiruswallet.com/epirus2/wp-content/themes/front/assets/vendor/malihu-custom-scrollbar-plugin/jquery.mCustomScrollbarce14ce14.css]
[epiruswallet.com/epirus2/wp-content/themes/front/assets/vendor/bootstrap-select/dist/css/bootstrap-select.mince14ce14.css]
[epiruswallet.com/epirus2/wp-content/themes/front/assets/vendor/bootstrap-tagsinput/css/bootstrap-tagsinputce14ce14.css]
[epiruswallet.com/epirus2/wp-content/themes/front/assets/vendor/fancybox/jquery.fancyboxce14ce14.css]
[epiruswallet.com/epirus2/wp-content/themes/front/assets/vendor/dzsparallaxer/dzsparallaxerce14ce14.css]
[epiruswallet.com/epirus2/wp-content/themes/front/assets/vendor/slick-carousel/slick/slickce14ce14.css]
[epiruswallet.com/epirus2/wp-content/themes/front/assets/vendor/ion-rangeslider/css/ion.rangeSliderce14ce14.css]
[epiruswallet.com/epirus2/wp-content/themes/front/assets/vendor/custombox/dist/custombox.mince14ce14.css]
[epiruswallet.com/epirus2/wp-content/themes/front/assets/vendor/hs-bg-video/hs-bg-videoce14ce14.css]
[epiruswallet.com/epirus2/wp-content/themes/front/assets/vendor/cubeportfolio/css/cubeportfolio.mince14ce14.css]
[epiruswallet.com/epirus2/wp-content/themes/front/assets/vendor/chartist/dist/chartist.mince14ce14.css]
[epiruswallet.com/epirus2/wp-content/themes/front/assets/vendor/chartist-js-tooltip/chartist-plugin-tooltipce14ce14.css]
[epiruswallet.com/epirus2/wp-content/themes/front/assets/css/colors/bluece14ce14.css]
[epiruswallet.com/epirus2/wp-content/themes/front/stylece14ce14.css]
[epiruswallet.com/epirus2/wp-content/themes/front/assets/css/woocommercece14ce14.css]
[epiruswallet.com/epirus2/wp-content/themes/front/assets/css/wp-job-managerce14ce14.css]
[epiruswallet.com/epirus2/wp-content/plugins/jetpack/css/jetpackf200f200.css]
[epiruswallet.com/epirus2/wp-includes/js/jquery/jquery4a5f4a5f.js]
[epiruswallet.com/epirus2/wp-includes/js/jquery/jquery-migrate.min330a330a.js]
[epiruswallet.com/epirus2/wp-content/plugins/front-gutenberg-blocks/dist/frontend_blocksce14ce14.js]
[epiruswallet.com/epirus2/wp-content/themes/front/assets/vendor/popper.js/dist/umd/popper.mince14ce14.js]
[epiruswallet.com/epirus2/wp-content/themes/front/assets/vendor/bootstrap/bootstrap.mince14ce14.js]
[epiruswallet.com/epirus2/wp-content/themes/front/assets/vendor/hs-megamenu/src/hs.megamenuce14ce14.js]
[epiruswallet.com/epirus2/wp-content/themes/front/assets/vendor/slick-carousel/slick/slickce14ce14.js]
[epiruswallet.com/epirus2/wp-content/themes/front/assets/vendor/svg-injector/dist/svg-injector.mince14ce14.js]
[epiruswallet.com/epirus2/wp-content/themes/front/assets/vendor/cubeportfolio/js/jquery.cubeportfolio.mince14ce14.js]
[epiruswallet.com/epirus2/wp-content/themes/front/assets/js/hs.corece14ce14.js]
[epiruswallet.com/epirus2/wp-content/themes/front/assets/js/components/hs.headerce14ce14.js]
[epiruswallet.com/epirus2/wp-content/themes/front/assets/js/components/hs.unfoldce14ce14.js]
[epiruswallet.com/epirus2/wp-content/themes/front/assets/js/components/hs.hamburgersce14ce14.js]
[epiruswallet.com/epirus2/wp-content/themes/front/assets/js/components/hs.header-fullscreence14ce14.js]
[epiruswallet.com/epirus2/wp-content/themes/front/assets/js/components/hs.slick-carouselce14ce14.js]
[epiruswallet.com/epirus2/wp-content/themes/front/assets/js/components/hs.svg-injectorce14ce14.js]
[epiruswallet.com/epirus2/wp-content/themes/front/assets/js/components/hs.cubeportfolioce14ce14.js]
[epiruswallet.com/epirus2/wp-content/themes/front/assets/js/components/hs.sticky-blockce14ce14.js]
[epiruswallet.com/epirus2/wp-content/themes/front/assets/js/components/hs.go-toce14ce14.js]
[epiruswallet.com/epirus2/wp-content/themes/front/assets/vendor/appearce14ce14.js]
[epiruswallet.com/epirus2/wp-content/themes/front/assets/js/components/hs.scroll-navce14ce14.js]
[epiruswallet.com/epirus2/wp-content/themes/front/assets/vendor/dzsparallaxer/dzsparallaxerce14ce14.js]
[epiruswallet.com/epirus2/wp-content/plugins/mas-wp-job-manager-company-reviews/assets/js/mas-wp-job-manager-company-reviews9dff9dff.js]
[epiruswallet.com/epirus2/stats.wp.com/s-202018.7f.delayed]
[epiruswallet.com/epirus2/wp-content/themes/front/assets/js/components/hs.quantity-counterce14ce14.js]
[epiruswallet.com/epirus2/wp-content/themes/front/assets/js/components/hs.modal-windowce14ce14.js]
[epiruswallet.com/epirus2/wp-content/themes/front/assets/vendor/jquery-validation/dist/jquery.validate.mince14ce14.js]
[epiruswallet.com/epirus2/wp-content/themes/front/assets/js/components/hs.validationce14ce14.js]
[epiruswallet.com/epirus2/wp-content/themes/front/assets/vendor/custombox/dist/custombox.mince14ce14.js]
[epiruswallet.com/epirus2/wp-content/themes/front/assets/vendor/custombox/dist/custombox.legacy.mince14ce14.js]
[epiruswallet.com/epirus2/wp-content/themes/front/assets/vendor/malihu-custom-scrollbar-plugin/jquery.mCustomScrollbar.concat.mince14ce14.js]
[epiruswallet.com/epirus2/wp-content/themes/front/assets/js/components/hs.malihu-scrollbarce14ce14.js]
[epiruswallet.com/epirus2/wp-content/themes/front/assets/js/components/hs.show-animationce14ce14.js]
[epiruswallet.com/epirus2/wp-json/index.html]
[epiruswallet.com/epirus2/wp-includes/wlwmanifest.xml]
[epiruswallet.com/epirus2/index7311.8b7311.delayed]
[epiruswallet.com/epirus2/wp-json/oembed/1.0/embedca33ca33.json]
[epiruswallet.com/epirus2/wp-content/themes/front/assets/svg/illustrations/quote1.svg]
[epiruswallet.com/epirus2/wp-content/uploads/sites/2/2019/09/Testimonial3.jpg]
[epiruswallet.com/epirus2/wp-content/uploads/sites/2/2019/09/Testimonial1.jpg]
[epiruswallet.com/epirus2/wp-content/uploads/sites/2/2019/09/Testimonial5.jpg]
[epiruswallet.com/epirus2/wp-content/uploads/sites/2/2019/09/Testimonial6.jpg]
[epiruswallet.com/reset.html]
[epiruswallet.com/epirus2/wp-content/plugins/yith-woocommerce-wishlist/assets/js/jquery.selectBox.min73597359.js]
[epiruswallet.com/epirus2/wp-content/plugins/yith-woocommerce-wishlist/assets/js/jquery.yith-wcwl7c457c45.js]
[epiruswallet.com/epirus2/wp-content/plugins/metronet-profile-picture/js/mpp-frontend5f5a5f5a.js]
[epiruswallet.com/epirus2/wp-content/plugins/contact-form-7/includes/js/scriptsb62db62d.js]
[epiruswallet.com/epirus2/wp-content/plugins/woocommerce/assets/js/jquery-blockui/jquery.blockUI.min44fd44fd.js]
[epiruswallet.com/epirus2/wp-content/plugins/woocommerce/assets/js/frontend/add-to-cart.min2e462e46.js]
[epiruswallet.com/epirus2/wp-content/plugins/woocommerce/assets/js/selectWoo/selectWoo.full.min0ba60ba6.js]
[epiruswallet.com/epirus2/wp-content/plugins/woocommerce/assets/js/js-cookie/js.cookie.min6b256b25.js]
[epiruswallet.com/epirus2/wp-content/plugins/woocommerce/assets/js/frontend/woocommerce.min2e462e46.js]
[epiruswallet.com/epirus2/wp-content/plugins/woocommerce/assets/js/frontend/cart-fragments.min2e462e46.js]
[epiruswallet.com/epirus2/wp-content/plugins/woocommerce/assets/js/prettyPhoto/jquery.prettyPhoto.min005e005e.js]
[epiruswallet.com/epirus2/wp-content/plugins/mailchimp-for-woocommerce/public/js/mailchimp-woocommerce-public.min95b895b8.js]
[epiruswallet.com/epirus2/wp-content/themes/front/assets/js/frontce14ce14.js]
[epiruswallet.com/epirus2/wp-includes/js/wp-embed.min9dff9dff.js]
[epiruswallet.com/epirus2/stats.wp.com/e-202018.a2.delayed]
[epiruswallet.com/login.html]
[epiruswallet.com/register.html]
[epiruswallet.com/epirus/wp-content/themes/front/assets/svg/flat-icons/vault.svg]
[epiruswallet.com/epirus/wp-content/themes/front/assets/svg/flat-icons/responsive.svg]
[epiruswallet.com/epirus/wp-content/themes/front/assets/svg/flat-icons/easy-payment.svg]
[epiruswallet.com/epirus2/wp-content/themes/front/assets/svg/illustrations/server-woman.svg]
[epiruswallet.com/epirus2/wp-content/themes/front/assets/svg/illustrations/app-user.svg]
[epiruswallet.com/epirus2/wp-content/themes/front/assets/svg/illustrations/communicating-men.svg]
[epiruswallet.com/epirus/wp-content/themes/front/assets/svg/components/circles.html]
[epiruswallet.com/epirus/wp-content/themes/front/assets/svg/illustrations/support-man.svg]
[epiruswallet.com/epirus/wp-content/themes/front/assets/svg/illustrations/list-app.svg]
[epiruswallet.com/epirus2/wp-content/themes/front/assets/svg/clients-logo/newsz.svg]
[epiruswallet.com/wp-content/themes/front/assets/svg/clients-logo/slack.html]
[epiruswallet.com/epirus2/wp-content/themes/front/assets/svg/clients-logo/shopif.svg]
[epiruswallet.com/wp-content/themes/front/assets/svg/clients-logo/google.html]
[epiruswallet.com/wp-content/themes/front/assets/svg/clients-logo/shopify.html]
[epiruswallet.com/epirus2/wp-content/themes/front/assets/svg/clients-logo/air.svg]
[epiruswallet.com/wp-content/themes/front/assets/svg/clients-logo/spotify.html]
[epiruswallet.com/epirus2/wp-content/themes/front/assets/svg/clients-logo/coindesk.svg]
[epiruswallet.com/wp-content/themes/front/assets/svg/clients-logo/netflix.html]
[epiruswallet.com/epirus2/wp-content/themes/front/assets/svg/clients-logo/net.svg]
[epiruswallet.com/wp-content/themes/front/assets/svg/clients-logo/airbnb.html]
[epiruswallet.com/wp-content/themes/front/assets/vendor/font-awesome/webfonts/fa-regular-400.a3.delayed]
[epiruswallet.com/epirus2/wp-content/cache/min/2/f0e01bd49fe9c9923102e96f6e9bbc2f.css]
[epiruswallet.com/epirus2/wp-json/oembed/1.0/embed80ad80ad.json]
[epiruswallet.com/epirus2/wp-content/plugins/front-gutenberg-blocks/assets/img/mockups/img12.png]
[epiruswallet.com/epirus2/wp-content/plugins/front-gutenberg-blocks/assets/img/bg-shapes/bg3.png]
[epiruswallet.com/wp-content/plugins/front-gutenberg-blocks/assets/img/1920x800/img14.a9.delayed]
[epiruswallet.com/epirus2/wp-content/themes/front/assets/svg/illustrations/drawing-man.svg]
[epiruswallet.com/epirus2/wp-content/themes/front/assets/svg/illustrations/charts-and-graphs.svg]
[epiruswallet.com/epirus2/wp-content/themes/front/assets/svg/icons/icon-15.svg]
[epiruswallet.com/epirus2/wp-content/themes/front/assets/svg/icons/icon-4.svg]
[epiruswallet.com/faq.html]
[epiruswallet.com/about.html]
[epiruswallet.com/epirus2/wp-content/cache/min/2/94aa6e70342df0267e02d75e051a3c66.js]
[epiruswallet.com/epirus2/wp-content/themes/front/assets/svg/icons/icon-18.svg]
[epiruswallet.com/epirus2/wp-content/themes/front/assets/svg/icons/icon-27.svg]
[epiruswallet.com/epirus2/wp-content/themes/front/assets/svg/icons/icon-28.svg]
[epiruswallet.com/epirus2/wp-content/themes/front/assets/svg/icons/icon-19.svg]
[epiruswallet.com/services.html]
[epiruswallet.com/careers.html]
[epiruswallet.com/epirus2/wp-content/themes/front/assets/svg/flat-icons/contact-us.svg]
[epiruswallet.com/epirus2/wp-content/themes/front/assets/svg/components/wave-1-bottom-sm.svg]
[epiruswallet.com/epirus2/wp-content/themes/front/assets/svg/components/wave-4-bottom-sm.svg]
[epiruswallet.com/contact.html]
[epiruswallet.com/terms.html]
[epiruswallet.com/privacy.html]
[translate.google.com/translate_a/elementa0d8.html]
[epiruswallet.com/epirus2/wp-content/themes/front/assets/svg/flat-icons/free-trial.svg]
[epiruswallet.com/earn.html]
[epiruswallet.com/epirus/wp-content/themes/front/assets/vendor/font-awesome/webfonts/fa-brands-400.html]
[epiruswallet.com/epirus/wp-content/themes/front/assets/vendor/font-awesome/webfonts/fa-brands-400.svg]
[epiruswallet.com/epirus/wp-content/themes/front/assets/vendor/font-awesome/webfonts/fa-regular-400.html]
[epiruswallet.com/epirus/wp-content/themes/front/assets/vendor/font-awesome/webfonts/fa-regular-400.svg]
[epiruswallet.com/epirus/wp-content/themes/front/assets/vendor/font-awesome/webfonts/fa-solid-900.html]
[epiruswallet.com/epirus/wp-content/themes/front/assets/vendor/font-awesome/webfonts/fa-solid-900.svg]
[epiruswallet.com/epirus/wp-content/themes/front/assets/svg/preloaders/circle-preloader.svg]
[epiruswallet.com/_https_/en.wikipedia.org/wiki/Exchangeable_image_file_format/_.html]
[epiruswallet.com/epirus2/wp-includes/css/dist/block-library/style.min9dff9dff.css]
[epiruswallet.com/epirus2/wp-includes/css/dist/block-library/theme.min9dff9dff.css]
[epiruswallet.com/epirus2/wp-content/plugins/woocommerce/packages/woocommerce-blocks/build/stylee64ee64e.css]
[epiruswallet.com/epirus2/wp-content/plugins/metronet-profile-picture/dist/blocks.style.build5f5a5f5a.css]
[epiruswallet.com/epirus2/wp-content/plugins/front-gutenberg-blocks/dist/frontend_blocksce14ce14.css]
[epiruswallet.com/epirus2/wp-content/plugins/menu-image/includes/css/menu-image76ed76ed.css]
[epiruswallet.com/epirus2/wp-content/plugins/contact-form-7/images/ajax-loader.gif]
[epiruswallet.com/epirus2/wp-content/plugins/contact-form-7/includes/css/stylesb62db62d.css]
[epiruswallet.com/epirus2/wp-content/plugins/woocommerce/assets/css/select22e462e46.css]
[epiruswallet.com/epirus2/wp-includes/fonts/dashicons2ce62ce6.eot]
[epiruswallet.com/epirus2/wp-includes/fonts/dashicons2ce62ce6.ttf]
[epiruswallet.com/epirus2/wp-includes/css/dashicons.min9dff9dff.css]
[epiruswallet.com/epirus2/wp-content/plugins/mas-wp-job-manager-company-reviews/assets/css/mas-wp-job-manager-company-reviews9dff9dff.css]
[epiruswallet.com/epirus2/wp-content/plugins/woocommerce-gateway-paypal-express-checkout/assets/css/wc-gateway-ppec-frontend9dff9dff.css]
[epiruswallet.com/epirus2/wp-content/plugins/woocommerce/assets/fonts/star.eot]
[epiruswallet.com/epirus2/wp-content/plugins/woocommerce/assets/fonts/stard41dd41d.eot]
[epiruswallet.com/epirus2/wp-content/plugins/woocommerce/assets/fonts/star.woff]
[epiruswallet.com/epirus2/wp-content/plugins/woocommerce/assets/fonts/star.ttf]
[epiruswallet.com/epirus2/wp-content/plugins/woocommerce/assets/fonts/star.svg]
[epiruswallet.com/epirus2/wp-content/plugins/woocommerce/assets/fonts/WooCommerce.eot]
[epiruswallet.com/epirus2/wp-content/plugins/woocommerce/assets/fonts/WooCommerced41dd41d.eot]
[epiruswallet.com/epirus2/wp-content/plugins/woocommerce/assets/fonts/WooCommerce.woff]
[epiruswallet.com/epirus2/wp-content/plugins/woocommerce/assets/fonts/WooCommerce.ttf]
[epiruswallet.com/epirus2/wp-content/plugins/woocommerce/assets/fonts/WooCommerce.svg]
[epiruswallet.com/epirus2/wp-content/plugins/woocommerce/assets/css/prettyPhoto9dff9dff.css]
[epiruswallet.com/epirus2/wp-content/plugins/yith-woocommerce-wishlist/assets/images/jquery.selectBox-arrow.gif]
[epiruswallet.com/epirus2/wp-content/plugins/yith-woocommerce-wishlist/assets/css/jquery.selectBox73597359.css]
[epiruswallet.com/epirus2/wp-content/plugins/yith-woocommerce-wishlist/assets/fonts/fontawesome-webfont3e6e3e6e.eot]
[epiruswallet.com/epirus2/wp-content/plugins/yith-woocommerce-wishlist/assets/fonts/fontawesome-webfontd41dd41d.eot]
[epiruswallet.com/epirus2/wp-content/plugins/yith-woocommerce-wishlist/assets/fonts/fontawesome-webfont3e6e3e6e.woff]
[epiruswallet.com/epirus2/wp-content/plugins/yith-woocommerce-wishlist/assets/fonts/fontawesome-webfont3e6e3e6e.html]
[epiruswallet.com/epirus2/wp-content/plugins/yith-woocommerce-wishlist/assets/fonts/fontawesome-webfont3e6e3e6e.ttf]
[epiruswallet.com/epirus2/wp-content/plugins/yith-woocommerce-wishlist/assets/css/font-awesome.min18491849.css]
[epiruswallet.com/epirus2/wp-content/plugins/wp-job-manager-applications/assets/css/frontend9dff9dff.css]
[epiruswallet.com/epirus2/wp-content/themes/front/assets/vendor/font-awesome/webfonts/fa-brands-400.eot]
[epiruswallet.com/epirus2/wp-content/plugins/yith-woocommerce-wishlist/assets/fonts/fontawesome-webfont3e6e3e6e.svg]
[epiruswallet.com/epirus2/wp-content/themes/front/assets/vendor/font-awesome/webfonts/fa-brands-400d41dd41d.eot]
[epiruswallet.com/epirus2/wp-content/themes/front/assets/vendor/font-awesome/webfonts/fa-brands-400.html]
[epiruswallet.com/epirus2/wp-content/themes/front/assets/vendor/font-awesome/webfonts/fa-brands-400.woff]
[epiruswallet.com/epirus2/wp-content/themes/front/assets/vendor/font-awesome/webfonts/fa-brands-400.ttf]
[epiruswallet.com/epirus2/wp-content/themes/front/assets/vendor/font-awesome/webfonts/fa-regular-400.eot]
[epiruswallet.com/epirus2/wp-content/themes/front/assets/vendor/font-awesome/webfonts/fa-regular-400d41dd41d.eot]
[epiruswallet.com/epirus2/wp-content/themes/front/assets/vendor/font-awesome/webfonts/fa-brands-400.svg]
[epiruswallet.com/epirus2/wp-content/themes/front/assets/vendor/font-awesome/webfonts/fa-regular-400.html]
[epiruswallet.com/epirus2/wp-content/themes/front/assets/vendor/font-awesome/webfonts/fa-regular-400.woff]
[epiruswallet.com/epirus2/wp-content/themes/front/assets/vendor/font-awesome/webfonts/fa-regular-400.ttf]
[epiruswallet.com/epirus2/wp-content/themes/front/assets/vendor/font-awesome/webfonts/fa-regular-400.svg]
[epiruswallet.com/epirus2/wp-content/themes/front/assets/vendor/font-awesome/webfonts/fa-solid-900.eot]
[epiruswallet.com/epirus2/wp-content/themes/front/assets/vendor/font-awesome/webfonts/fa-solid-900d41dd41d.eot]
[epiruswallet.com/epirus2/wp-content/themes/front/assets/vendor/font-awesome/webfonts/fa-solid-900.html]
[epiruswallet.com/epirus2/wp-content/themes/front/assets/vendor/font-awesome/webfonts/fa-solid-900.woff]
[epiruswallet.com/epirus2/wp-content/themes/front/assets/vendor/font-awesome/webfonts/fa-solid-900.ttf]
[epiruswallet.com/epirus2/wp-content/themes/front/assets/vendor/font-awesome/css/fontawesome-all.mince14ce14.css]
[epiruswallet.com/epirus2/wp-content/themes/front/assets/vendor/animate.css/animate.mince14ce14.css]
[epiruswallet.com/epirus2/wp-content/themes/front/assets/vendor/hs-megamenu/src/hs.megamenuce14ce14.css]
[epiruswallet.com/epirus2/wp-content/themes/front/assets/vendor/font-awesome/webfonts/fa-solid-900.svg]
[epiruswallet.com/epirus2/wp-content/themes/front/assets/vendor/malihu-custom-scrollbar-plugin/mCSB_buttons.png]
[epiruswallet.com/epirus2/wp-content/themes/front/assets/vendor/malihu-custom-scrollbar-plugin/jquery.mCustomScrollbarce14ce14.css]
[epiruswallet.com/epirus2/wp-content/themes/front/assets/vendor/bootstrap-select/dist/css/bootstrap-select.mince14ce14.css]
[epiruswallet.com/epirus2/wp-content/themes/front/assets/vendor/bootstrap-tagsinput/css/bootstrap-tagsinputce14ce14.css]
[epiruswallet.com/epirus2/wp-content/themes/front/assets/vendor/fancybox/jquery.fancyboxce14ce14.css]
[epiruswallet.com/epirus2/wp-content/themes/front/assets/vendor/dzsparallaxer/img/grey_wash_wall.jpg]
[epiruswallet.com/epirus2/wp-content/themes/front/assets/vendor/dzsparallaxer/img/fog_clouds_png_by_paradise234-d5czivb.png]
[epiruswallet.com/epirus2/wp-content/themes/front/assets/vendor/dzsparallaxer/dzsparallaxerce14ce14.css]
[epiruswallet.com/epirus2/wp-content/themes/front/assets/vendor/slick-carousel/slick/slickce14ce14.css]
[epiruswallet.com/epirus2/wp-content/themes/front/assets/vendor/ion-rangeslider/css/ion.rangeSliderce14ce14.css]
[epiruswallet.com/epirus2/wp-content/themes/front/assets/vendor/custombox/dist/custombox.mince14ce14.css]
[epiruswallet.com/epirus2/wp-content/themes/front/assets/vendor/hs-bg-video/hs-bg-videoce14ce14.css]
[epiruswallet.com/epirus2/wp-content/themes/front/assets/vendor/cubeportfolio/img/cbp-sprite.png]
[epiruswallet.com/epirus2/wp-content/themes/front/assets/vendor/cubeportfolio/css/cubeportfolio.mince14ce14.css]
[epiruswallet.com/epirus2/wp-content/themes/front/assets/vendor/chartist/dist/chartist.mince14ce14.css]
[epiruswallet.com/epirus2/wp-content/themes/front/assets/vendor/chartist-js-tooltip/chartist-plugin-tooltipce14ce14.css]
[epiruswallet.com/epirus2/wp-content/themes/front/assets/svg/preloaders/circle-preloader.svg]
[epiruswallet.com/epirus2/wp-content/themes/front/stylece14ce14.css]
[epiruswallet.com/epirus2/wp-content/themes/front/assets/css/colors/bluece14ce14.css]
[epiruswallet.com/epirus2/wp-content/themes/front/assets/css/woocommercece14ce14.css]
[epiruswallet.com/epirus2/wp-content/themes/front/assets/css/wp-job-managerce14ce14.css]
[epiruswallet.com/epirus2/wp-content/plugins/jetpack/modules/carousel/images/arrows.png]
[epiruswallet.com/epirus2/wp-content/plugins/jetpack/modules/carousel/images/arrows-2x.png]
[epiruswallet.com/epirus2/wp-content/plugins/jetpack/modules/carousel/images/carousel-spritee4dae4da.png]
[epiruswallet.com/epirus2/wp-content/plugins/jetpack/modules/carousel/images/carousel-sprite-2xe4dae4da.png]
[epiruswallet.com/epirus2/wp-content/plugins/jetpack/css/jetpackf200f200.css]
[epiruswallet.com/epirus2/stats.wp.com/s-202018.html]
[epiruswallet.com/epirus2/wp-json/index.html]
[epiruswallet.com/epirus2/index73117311.html]
[epiruswallet.com/epirus2/wp-json/oembed/1.0/embeddf41df41.html]
[epiruswallet.com/epirus2/wp-content/themes/front/assets/svg/illustrations/quote1.svg]
[epiruswallet.com/reset.html]
[epiruswallet.com/epirus2/stats.wp.com/e-202018.html]
[epiruswallet.com/wp-content/themes/front/assets/vendor/font-awesome/webfonts/fa-regular-400.html]
[epiruswallet.com/epirus2/wp-content/cache/min/2/f0e01bd49fe9c9923102e96f6e9bbc2f.css]
[epiruswallet.com/epirus2/wp-json/oembed/1.0/embed4eb44eb4.html]
[epiruswallet.com/wp-content/plugins/front-gutenberg-blocks/assets/img/1920x800/img14.html]
[epiruswallet.com/epirus2/wp-content/themes/front/assets/svg/illustrations/drawing-man.svg]
[epiruswallet.com/epirus2/wp-content/themes/front/assets/svg/illustrations/charts-and-graphs.svg]
[epiruswallet.com/epirus2/wp-content/themes/front/assets/svg/icons/icon-15.svg]
[epiruswallet.com/epirus2/wp-content/themes/front/assets/svg/icons/icon-4.svg]
[epiruswallet.com/epirus2/wp-content/themes/front/assets/svg/icons/icon-18.svg]
[epiruswallet.com/epirus2/wp-content/themes/front/assets/svg/icons/icon-27.svg]
[epiruswallet.com/epirus2/wp-content/themes/front/assets/svg/icons/icon-28.svg]
[epiruswallet.com/epirus2/wp-content/themes/front/assets/svg/icons/icon-19.svg]
[epiruswallet.com/epirus2/wp-content/themes/front/assets/svg/flat-icons/contact-us.svg]
[epiruswallet.com/epirus2/wp-content/themes/front/assets/svg/components/wave-1-bottom-sm.svg]
[epiruswallet.com/epirus2/wp-content/themes/front/assets/svg/components/wave-4-bottom-sm.svg]
[epiruswallet.com/epirus2/wp-content/themes/front/assets/svg/flat-icons/free-trial.svg]
[epiruswallet.com/epirus2/wp-content/plugins/woocommerce/assets/fonts/star.svg]
[epiruswallet.com/epirus2/wp-content/plugins/woocommerce/assets/fonts/WooCommerce.svg]
[epiruswallet.com/epirus2/wp-content/plugins/woocommerce/assets/images/icons/loader.svg]
[epiruswallet.com/epirus2/wp-content/plugins/yith-woocommerce-wishlist/assets/fonts/fontawesome-webfont3e6e3e6e.html]
[epiruswallet.com/epirus2/wp-content/plugins/yith-woocommerce-wishlist/assets/fonts/fontawesome-webfont3e6e3e6e.svg]
[epiruswallet.com/epirus2/wp-content/themes/front/assets/vendor/font-awesome/webfonts/fa-brands-400.html]
[epiruswallet.com/epirus2/wp-content/themes/front/assets/vendor/font-awesome/webfonts/fa-brands-400.svg]
[epiruswallet.com/epirus2/wp-content/themes/front/assets/vendor/font-awesome/webfonts/fa-regular-400.html]
[epiruswallet.com/epirus2/wp-content/themes/front/assets/vendor/font-awesome/webfonts/fa-regular-400.svg]
[epiruswallet.com/epirus2/wp-content/themes/front/assets/vendor/font-awesome/webfonts/fa-solid-900.html]
[epiruswallet.com/epirus2/wp-content/themes/front/assets/vendor/font-awesome/webfonts/fa-solid-900.svg]
[epiruswallet.com/epirus2/wp-content/themes/front/assets/svg/preloaders/circle-preloader.svg]
